[2026-05-29 13:35:33.765] `INFO` 

====================================
Done init Use: 1.18 ms.
====================================

[2026-05-29 13:35:33.766] `INFO` action: test_json, args: {"a":"100"}
[2026-05-29 13:35:33.766] `INFO` 

====================================
Done api Use: 1.34 ms.
====================================

[2026-05-29 13:35:34.992] `INFO` 

====================================
Done init Use: 1.07 ms.
====================================

[2026-05-29 13:35:34.993] `INFO` action: test_json, args: {"a":"100"}
[2026-05-29 13:35:34.993] `INFO` 

====================================
Done api Use: 1.21 ms.
====================================

[2026-05-29 13:35:36.063] `INFO` 

====================================
Done init Use: 1.11 ms.
====================================

[2026-05-29 13:35:36.064] `INFO` action: test_json, args: {"a":"100"}
[2026-05-29 13:35:36.064] `INFO` 

====================================
Done api Use: 1.24 ms.
====================================

[2026-05-29 13:35:37.531] `INFO` 

====================================
Done init Use: 0.81 ms.
====================================

[2026-05-29 13:35:37.532] `INFO` action: test_json, args: {"a":"100"}
[2026-05-29 13:35:37.532] `INFO` 

====================================
Done api Use: 0.93 ms.
====================================

[2026-05-29 13:35:38.649] `INFO` 

====================================
Done init Use: 1.02 ms.
====================================

[2026-05-29 13:35:38.650] `INFO` action: test_json, args: {"a":"100"}
[2026-05-29 13:35:38.650] `INFO` 

====================================
Done api Use: 1.11 ms.
====================================

[2026-05-29 13:35:39.630] `INFO` 

====================================
Done init Use: 1.06 ms.
====================================

[2026-05-29 13:35:39.630] `INFO` action: test_json, args: {"a":"100"}
[2026-05-29 13:35:39.631] `INFO` 

====================================
Done api Use: 1.11 ms.
====================================

